[anon3mity.github.io/index.html]
[anon3mity.github.io/assets/img/favicon-16x16.png]
[anon3mity.github.io/assets/img/favicon-32x32.png]
[anon3mity.github.io/assets/img/apple-touch-icon.png]
[anon3mity.github.io/assets/img/android.png]
[anon3mity.github.io/assets/img/android-chrome-512x512.png]
[anon3mity.github.io/assets/bootstrap/css/bootstrap.min.css]
[anon3mity.github.io/manifest.json]
[anon3mity.github.io/assets/fonts/fontawesome-all.min.css]
[anon3mity.github.io/assets/fonts/font-awesome.min.css]
[anon3mity.github.io/assets/fonts/fontawesome5-overrides.min.css]
[anon3mity.github.io/assets/css/styles.min.css]
[backblue.gif]
[fade.gif]
[index.html]
[anon3mity.github.io/assets/img/android-chrome-192x192.png]
[cdn.jsdelivr.net/particles.js/2.0.0/particles.min.js]
[anon3mity.github.io/blogs/index.html]
[anon3mity.github.io/videos/index.html]
[threejs.org/examples/js/libs/stats.min.js]
[anon3mity.github.io/courses/index.html]
[www.google-analytics.com/analytics.js]
[anon3mity.github.io/products/index.html]
[anon3mity.github.io/privacy/index.html]
[anon3mity.github.io/About/index.html]
[anon3mity.github.io/2020/02/07/Learn-smarter-&-Better/index.html]
[anon3mity.github.io/assets/js/jquery.min.js]
[anon3mity.github.io/contact/index.html]
[anon3mity.github.io/assets/bootstrap/js/bootstrap.min.js]
[anon3mity.github.io/assets/js/script.min.js]
[anon3mity.github.io/sw.js]
[anon3mity.github.io/index.html]
[anon3mity.github.io/assets/bootstrap/css/bootstrap.min.css]
[anon3mity.github.io/assets/fonts/fa-brands-400.eot]
[anon3mity.github.io/assets/fonts/fa-brands-400d41d.eot]
[anon3mity.github.io/assets/fonts/fa-brands-400.woff2]
[anon3mity.github.io/assets/fonts/fa-brands-400.woff]
[anon3mity.github.io/assets/fonts/fa-brands-400.ttf]
[anon3mity.github.io/assets/fonts/fa-regular-400.eot]
[anon3mity.github.io/assets/fonts/fa-brands-400.svg]
[anon3mity.github.io/assets/fonts/fa-regular-400d41d.eot]
[anon3mity.github.io/assets/fonts/fa-regular-400.woff2]
[anon3mity.github.io/assets/fonts/fa-regular-400.woff]
[anon3mity.github.io/assets/fonts/fa-regular-400.ttf]
[anon3mity.github.io/assets/fonts/fa-regular-400.svg]
[anon3mity.github.io/assets/fonts/fa-solid-900.eot]
[anon3mity.github.io/assets/fonts/fa-solid-900d41d.eot]
[anon3mity.github.io/assets/fonts/fa-solid-900.woff2]
[anon3mity.github.io/assets/fonts/fa-solid-900.woff]
[anon3mity.github.io/assets/fonts/fa-solid-900.ttf]
[anon3mity.github.io/assets/fonts/fontawesome-all.min.css]
[anon3mity.github.io/assets/fonts/fontawesome-webfont3e6e.eot]
[anon3mity.github.io/assets/fonts/fa-solid-900.svg]
[anon3mity.github.io/assets/fonts/fontawesome-webfontd41d.eot]
[anon3mity.github.io/assets/fonts/fontawesome-webfont3e6e.woff2]
[anon3mity.github.io/assets/fonts/fontawesome-webfont3e6e.woff]
[anon3mity.github.io/assets/fonts/fontawesome-webfont3e6e.ttf]
[anon3mity.github.io/assets/fonts/font-awesome.min.css]
[anon3mity.github.io/assets/fonts/fontawesome5-overrides.min.css]
[anon3mity.github.io/assets/css/styles.min.css]
[anon3mity.github.io/blogs/index.html]
[anon3mity.github.io/assets/fonts/fontawesome-webfont3e6e.svg]
[anon3mity.github.io/assets/img/ic500.png]
[anon3mity.github.io/videos/index.html]
[anon3mity.github.io/courses/index.html]
[anon3mity.github.io/assets/img/anon.jpg]
[anon3mity.github.io/videos/custom_theme/index.html]
[anon3mity.github.io/assets/img/3.png]
[anon3mity.github.io/products/index.html]
[anon3mity.github.io/About/index.html]
[anon3mity.github.io/privacy/index.html]
[anon3mity.github.io/contact/index.html]
[anon3mity.github.io/2020/02/07/Learn-smarter-&-Better/index.html]
[anon3mity.github.io/apps/anon3m!ty/index.html]
[anon3mity.github.io/apps/notability/index.html]
[anon3mity.github.io/assets/fonts/fa-brands-400.svg]
[anon3mity.github.io/assets/fonts/fa-regular-400.svg]
[anon3mity.github.io/assets/fonts/fa-solid-900.svg]
[anon3mity.github.io/assets/fonts/fontawesome-webfont3e6e.svg]
[anon3mity.github.io/videos/custom_theme/index.html]
[anon3mity.github.io/apps/anon3m!ty/index.html]
[anon3mity.github.io/apps/notability/index.html]
